// Jest Snapshot v1, https://goo.gl/fbAQLP

exports[`Removable Badge List should render 1`] = `
<div>
  <section
    data-testid="removable_badge_list_section"
  >
    <span
      class="ml-1 badge badge-primary"
      data-testid="removable_badge_list_item"
      id="removable_badge_list_1"
    >
      <i
        aria-hidden="true"
        class="icon icon-cancel"
        data-testid="removable_badge_remove"
        style="cursor: pointer;"
      />
      Test 1
    </span>
    <span
      class="ml-1 badge badge-success"
      data-testid="removable_badge_list_item"
      id="removable_badge_list_2"
    >
      <i
        aria-hidden="true"
        class="icon icon-cancel"
        data-testid="removable_badge_remove"
        style="cursor: pointer;"
      />
      Test 2
    </span>
    <span
      class="ml-1 badge badge-danger"
      data-testid="removable_badge_list_item"
      id="removable_badge_list_3"
    >
      <i
        aria-hidden="true"
        class="icon icon-cancel"
        data-testid="removable_badge_remove"
        style="cursor: pointer;"
      />
      Test 3
    </span>
    <span
      class="ml-1 badge badge-warning"
      data-testid="removable_badge_list_item"
      id="removable_badge_list_4"
    >
      <i
        aria-hidden="true"
        class="icon icon-cancel"
        data-testid="removable_badge_remove"
        style="cursor: pointer;"
      />
      Test 4
    </span>
    <span
      class="ml-1 badge badge-info"
      data-testid="removable_badge_list_item"
      id="removable_badge_list_5"
    >
      <i
        aria-hidden="true"
        class="icon icon-cancel"
        data-testid="removable_badge_remove"
        style="cursor: pointer;"
      />
      Test 5
    </span>
    <span
      class="ml-1 badge badge-light"
      data-testid="removable_badge_list_item"
      id="removable_badge_list_6"
    >
      <i
        aria-hidden="true"
        class="icon icon-cancel"
        data-testid="removable_badge_remove"
        style="cursor: pointer;"
      />
      Test 6
    </span>
    <span
      class="ml-1 badge badge-dark"
      data-testid="removable_badge_list_item"
      id="removable_badge_list_7"
    >
      <i
        aria-hidden="true"
        class="icon icon-cancel"
        data-testid="removable_badge_remove"
        style="cursor: pointer;"
      />
      Test 7
    </span>
    <span
      class="ml-1 badge badge-secondary"
      data-testid="removable_badge_list_item"
      id="removable_badge_list_8"
    >
      <i
        aria-hidden="true"
        class="icon icon-cancel"
        data-testid="removable_badge_remove"
        style="cursor: pointer;"
      />
      Test 9
    </span>
  </section>
</div>
`;
