// Jest Snapshot v1, https://goo.gl/fbAQLP

exports[`TrainingLink should not render with link and name 1`] = `
<div>
  <span
    class="ml-auto"
    style="padding-top: 12px;"
  >
    Need Help?
     
    <a
      href="http://catvidoes.com"
      rel="noopener noreferrer"
      target="_blank"
    >
      Watch a demo
    </a>
     
    for 
    Appeals
  </span>
</div>
`;
