// Jest Snapshot v1, https://goo.gl/fbAQLP

exports[`BulkTableActions should render default bulk actions 1`] = `
<div>
  <div
    class="table-controls"
    data-testid="test-controls-container"
  >
    <form
      class="form-inline"
    >
      <div
        class="btn-group btn-group"
        data-testid="bulk_actions_btn_group"
        role="group"
      >
        <button
          class="btn btn-secondary"
          data-testid="select_deselect_all_records"
          type="button"
        >
          <span
            class="badge badge-secondary badge-pill"
          >
            0
          </span>
           
          Select
           All 
          Records
        </button>
        <div
          class="btn-group"
        >
          <button
            aria-expanded="false"
            aria-haspopup="true"
            class="dropdown-toggle btn btn-secondary disabled"
            data-testid="bulk_actions_toggle"
            disabled=""
            type="button"
          >
            <span
              class="sr-only"
            >
              Toggle Dropdown
            </span>
          </button>
          <div
            aria-hidden="true"
            class="dropdown-menu"
            role="menu"
            tabindex="-1"
          >
            <button
              class="dropdown-item"
              data-testid="bulk_action_action1"
              role="menuitem"
              tabindex="0"
              type="button"
            >
              Action 1
            </button>
            <button
              class="dropdown-item"
              data-testid="bulk_action_action2"
              role="menuitem"
              tabindex="0"
              type="button"
            >
              Action 2
            </button>
            <button
              class="dropdown-item"
              data-testid="bulk_action_action3"
              role="menuitem"
              tabindex="0"
              type="button"
            />
          </div>
        </div>
      </div>
    </form>
  </div>
</div>
`;
