// Jest Snapshot v1, https://goo.gl/fbAQLP

exports[`Breadcrumbs should render 1`] = `
<nav
  aria-label="breadcrumb"
  class=""
>
  <ol
    class="breadcrumb"
  >
    <li
      class="breadcrumb-item"
    >
      <a
        aria-label="Home"
        href="/public/apps/dashboard"
      >
        Home
      </a>
    </li>
    <li
      aria-current="page"
      class="active breadcrumb-item"
    >
      …
    </li>
  </ol>
</nav>
`;

exports[`Breadcrumbs should render child as current page 1`] = `
<nav
  aria-label="breadcrumb"
  class=""
>
  <ol
    class="breadcrumb"
  >
    <li
      class="breadcrumb-item"
    >
      <a
        aria-label="Home"
        href="/public/apps/dashboard"
      >
        Home
      </a>
    </li>
    <li
      aria-current="page"
      class="active breadcrumb-item"
    >
      Payer Space
    </li>
  </ol>
</nav>
`;

exports[`Breadcrumbs should render crumbs 1`] = `
<nav
  aria-label="breadcrumb"
  class=""
>
  <ol
    class="breadcrumb"
  >
    <li
      class="breadcrumb-item"
    >
      <a
        aria-label="Home"
        href="/public/apps/dashboard"
      >
        Home
      </a>
    </li>
    <li
      class="breadcrumb-item"
    >
      <a
        aria-label="my grand parent page"
        href="/parent-page"
      >
        my grand parent page
      </a>
    </li>
    <li
      class="breadcrumb-item"
    >
      <a
        aria-label="my parent page"
        href="/grand-parent-page"
      >
        my parent page
      </a>
    </li>
    <li
      aria-current="page"
      class="active breadcrumb-item"
    >
      Payer Space
    </li>
  </ol>
</nav>
`;

exports[`Breadcrumbs should render crumbs with missing values 1`] = `
<nav
  aria-label="breadcrumb"
  class=""
>
  <ol
    class="breadcrumb"
  >
    <li
      class="breadcrumb-item"
    >
      <a
        aria-label="Home"
        href="/public/apps/dashboard"
      >
        Home
      </a>
    </li>
    <li
      class="breadcrumb-item"
    >
      <a
        aria-label="my grand parent page"
        href="/parent-page"
      >
        my grand parent page
      </a>
    </li>
    <li
      class="breadcrumb-item"
    >
      <span>
        …
      </span>
    </li>
    <li
      aria-current="page"
      class="active breadcrumb-item"
    >
      Payer Space
    </li>
  </ol>
</nav>
`;

exports[`Breadcrumbs should render custom ellipse 1`] = `
<nav
  aria-label="breadcrumb"
  class=""
>
  <ol
    class="breadcrumb"
  >
    <li
      class="breadcrumb-item"
    >
      <a
        aria-label="Home"
        href="/public/apps/dashboard"
      >
        Home
      </a>
    </li>
    <li
      class="breadcrumb-item"
    >
      <span>
        ???
      </span>
    </li>
    <li
      aria-current="page"
      class="active breadcrumb-item"
    >
      Payer Space
    </li>
  </ol>
</nav>
`;
